15:49:34 DEBUG : Logs will be stored at 'C:/Xilinx/ECE_520/Sandbox/threat_detection_vitis/IDE.log'.
15:49:47 INFO  : Launching XSCT server: xsct.bat -n  -interactive C:\Xilinx\ECE_520\Sandbox\threat_detection_vitis\temp_xsdb_launch_script.tcl
15:49:47 INFO  : Registering command handlers for Vitis TCF services
15:49:47 INFO  : Platform repository initialization has completed.
15:49:49 INFO  : XSCT server has started successfully.
15:49:49 INFO  : plnx-install-location is set to ''
15:49:49 INFO  : Successfully done setting XSCT server connection channel  
15:49:49 INFO  : Successfully done query RDI_DATADIR 
15:49:49 INFO  : Successfully done setting workspace for the tool. 
15:50:52 INFO  : Result from executing command 'getProjects': threat_app3
15:50:52 INFO  : Result from executing command 'getPlatforms': xilinx_vck190_base_202310_1|C:/Xilinx/Vitis/2023.1/base_platforms/xilinx_vck190_base_202310_1/xilinx_vck190_base_202310_1.xpfm;xilinx_vck190_base_dfx_202310_1|C:/Xilinx/Vitis/2023.1/base_platforms/xilinx_vck190_base_dfx_202310_1/xilinx_vck190_base_dfx_202310_1.xpfm;xilinx_vek280_es1_base_202310_1|C:/Xilinx/Vitis/2023.1/base_platforms/xilinx_vek280_es1_base_202310_1/xilinx_vek280_es1_base_202310_1.xpfm;xilinx_vmk180_base_202310_1|C:/Xilinx/Vitis/2023.1/base_platforms/xilinx_vmk180_base_202310_1/xilinx_vmk180_base_202310_1.xpfm;xilinx_zcu102_base_202310_1|C:/Xilinx/Vitis/2023.1/base_platforms/xilinx_zcu102_base_202310_1/xilinx_zcu102_base_202310_1.xpfm;xilinx_zcu102_base_dfx_202310_1|C:/Xilinx/Vitis/2023.1/base_platforms/xilinx_zcu102_base_dfx_202310_1/xilinx_zcu102_base_dfx_202310_1.xpfm;xilinx_zcu104_base_202310_1|C:/Xilinx/Vitis/2023.1/base_platforms/xilinx_zcu104_base_202310_1/xilinx_zcu104_base_202310_1.xpfm
15:57:16 ERROR : (XSDB Server)rm: cannot lstat `*.o': Invalid argument

15:57:16 ERROR : (XSDB Server)make: *** [Makefile:42: clean] Error 1

15:59:36 ERROR : (XSDB Server)rm: cannot lstat `*.o': Invalid argument

15:59:36 ERROR : (XSDB Server)make: *** [Makefile:42: clean] Error 1

15:59:55 INFO  : Result from executing command 'getProjects': threat_app3
15:59:55 INFO  : Result from executing command 'getPlatforms': threat_app3|C:/Xilinx/ECE_520/Sandbox/threat_detection_vitis/threat_app3/export/threat_app3/threat_app3.xpfm;xilinx_vck190_base_202310_1|C:/Xilinx/Vitis/2023.1/base_platforms/xilinx_vck190_base_202310_1/xilinx_vck190_base_202310_1.xpfm;xilinx_vck190_base_dfx_202310_1|C:/Xilinx/Vitis/2023.1/base_platforms/xilinx_vck190_base_dfx_202310_1/xilinx_vck190_base_dfx_202310_1.xpfm;xilinx_vek280_es1_base_202310_1|C:/Xilinx/Vitis/2023.1/base_platforms/xilinx_vek280_es1_base_202310_1/xilinx_vek280_es1_base_202310_1.xpfm;xilinx_vmk180_base_202310_1|C:/Xilinx/Vitis/2023.1/base_platforms/xilinx_vmk180_base_202310_1/xilinx_vmk180_base_202310_1.xpfm;xilinx_zcu102_base_202310_1|C:/Xilinx/Vitis/2023.1/base_platforms/xilinx_zcu102_base_202310_1/xilinx_zcu102_base_202310_1.xpfm;xilinx_zcu102_base_dfx_202310_1|C:/Xilinx/Vitis/2023.1/base_platforms/xilinx_zcu102_base_dfx_202310_1/xilinx_zcu102_base_dfx_202310_1.xpfm;xilinx_zcu104_base_202310_1|C:/Xilinx/Vitis/2023.1/base_platforms/xilinx_zcu104_base_202310_1/xilinx_zcu104_base_202310_1.xpfm
16:02:06 INFO  : Checking for BSP changes to sync application flags for project 'threat_detection_app'...
16:11:09 INFO  : Connected to target on host '127.0.0.1' and port '3121'.
16:11:09 INFO  : Jtag cable 'Digilent Zybo Z7 210351AF24D9A' is selected.
16:11:09 INFO  : 'jtag frequency' command is executed.
16:11:09 INFO  : Context for 'APU' is selected.
16:11:09 INFO  : System reset is completed.
16:11:12 INFO  : 'after 3000' command is executed.
16:11:13 INFO  : 'targets -set -filter {jtag_cable_name =~ "Digilent Zybo Z7 210351AF24D9A" && level==0 && jtag_device_ctx=="jsn-Zybo Z7-210351AF24D9A-13722093-0"}' command is executed.
16:11:14 INFO  : Device configured successfully with "C:/Xilinx/ECE_520/Sandbox/threat_detection_vitis/threat_detection_app/_ide/bitstream/threat_detector_bd_wrapper2.bit"
16:11:14 INFO  : Context for 'APU' is selected.
16:11:14 INFO  : Hardware design and registers information is loaded from 'C:/Xilinx/ECE_520/Sandbox/threat_detection_vitis/threat_app3/export/threat_app3/hw/threat_detector_bd_wrapper2.xsa'.
16:11:14 INFO  : 'configparams force-mem-access 1' command is executed.
16:11:14 INFO  : Context for 'APU' is selected.
16:11:14 INFO  : Sourcing of 'C:/Xilinx/ECE_520/Sandbox/threat_detection_vitis/threat_detection_app/_ide/psinit/ps7_init.tcl' is done.
16:11:14 INFO  : 'ps7_init' command is executed.
16:11:14 INFO  : 'ps7_post_config' command is executed.
16:11:14 INFO  : Context for processor 'ps7_cortexa9_0' is selected.
16:11:14 INFO  : The application 'C:/Xilinx/ECE_520/Sandbox/threat_detection_vitis/threat_detection_app/Debug/threat_detection_app.elf' is downloaded to processor 'ps7_cortexa9_0'.
16:11:14 INFO  : 'configparams force-mem-access 0' command is executed.
16:11:14 INFO  : ----------------XSDB Script----------------
connect -url tcp:127.0.0.1:3121
targets -set -nocase -filter {name =~"APU*"}
rst -system
after 3000
targets -set -filter {jtag_cable_name =~ "Digilent Zybo Z7 210351AF24D9A" && level==0 && jtag_device_ctx=="jsn-Zybo Z7-210351AF24D9A-13722093-0"}
fpga -file C:/Xilinx/ECE_520/Sandbox/threat_detection_vitis/threat_detection_app/_ide/bitstream/threat_detector_bd_wrapper2.bit
targets -set -nocase -filter {name =~"APU*"}
loadhw -hw C:/Xilinx/ECE_520/Sandbox/threat_detection_vitis/threat_app3/export/threat_app3/hw/threat_detector_bd_wrapper2.xsa -mem-ranges [list {0x40000000 0xbfffffff}] -regs
configparams force-mem-access 1
targets -set -nocase -filter {name =~"APU*"}
source C:/Xilinx/ECE_520/Sandbox/threat_detection_vitis/threat_detection_app/_ide/psinit/ps7_init.tcl
ps7_init
ps7_post_config
targets -set -nocase -filter {name =~ "*A9*#0"}
dow C:/Xilinx/ECE_520/Sandbox/threat_detection_vitis/threat_detection_app/Debug/threat_detection_app.elf
configparams force-mem-access 0
----------------End of Script----------------

16:11:15 INFO  : Context for processor 'ps7_cortexa9_0' is selected.
16:11:15 INFO  : 'con' command is executed.
16:11:15 INFO  : ----------------XSDB Script (After Launch)----------------
targets -set -nocase -filter {name =~ "*A9*#0"}
con
----------------End of Script----------------

16:11:15 INFO  : Launch script is exported to file 'C:\Xilinx\ECE_520\Sandbox\threat_detection_vitis\threat_detection_app_system\_ide\scripts\systemdebugger_threat_detection_app_system_standalone.tcl'
17:05:49 INFO  : Hardware specification for platform project 'threat_app3' is updated.
17:18:08 INFO  : Result from executing command 'getProjects': threat_app3
17:18:08 INFO  : Result from executing command 'getPlatforms': threat_app3|C:/Xilinx/ECE_520/Sandbox/threat_detection_vitis/threat_app3/export/threat_app3/threat_app3.xpfm;xilinx_vck190_base_202310_1|C:/Xilinx/Vitis/2023.1/base_platforms/xilinx_vck190_base_202310_1/xilinx_vck190_base_202310_1.xpfm;xilinx_vck190_base_dfx_202310_1|C:/Xilinx/Vitis/2023.1/base_platforms/xilinx_vck190_base_dfx_202310_1/xilinx_vck190_base_dfx_202310_1.xpfm;xilinx_vek280_es1_base_202310_1|C:/Xilinx/Vitis/2023.1/base_platforms/xilinx_vek280_es1_base_202310_1/xilinx_vek280_es1_base_202310_1.xpfm;xilinx_vmk180_base_202310_1|C:/Xilinx/Vitis/2023.1/base_platforms/xilinx_vmk180_base_202310_1/xilinx_vmk180_base_202310_1.xpfm;xilinx_zcu102_base_202310_1|C:/Xilinx/Vitis/2023.1/base_platforms/xilinx_zcu102_base_202310_1/xilinx_zcu102_base_202310_1.xpfm;xilinx_zcu102_base_dfx_202310_1|C:/Xilinx/Vitis/2023.1/base_platforms/xilinx_zcu102_base_dfx_202310_1/xilinx_zcu102_base_dfx_202310_1.xpfm;xilinx_zcu104_base_202310_1|C:/Xilinx/Vitis/2023.1/base_platforms/xilinx_zcu104_base_202310_1/xilinx_zcu104_base_202310_1.xpfm
17:18:10 INFO  : Checking for BSP changes to sync application flags for project 'threat_detection_app'...
17:18:19 ERROR : XSCT server calls should not be made from TCF thread.
java.lang.RuntimeException: XSCT server calls should not be made from TCF thread.
	at com.xilinx.sdk.xsdb.XSDBCommandManager.issueAndWait(XSDBCommandManager.java:392) [com.xilinx.sdk.xsdb_1.0.0.202305040745.jar:?]
	at com.xilinx.sdk.xsdb.XsdbCommandUtils.executeAndRespond(XsdbCommandUtils.java:325) [com.xilinx.sdk.xsdb_1.0.0.202305040745.jar:?]
	at com.xilinx.sdk.hw.internal.HwPlatform.populateDesignProps(HwPlatform.java:521) [com.xilinx.sdk.hw_1.0.0.202305040745.jar:?]
	at com.xilinx.sdk.hw.internal.HwPlatform.isZynq(HwPlatform.java:1101) [com.xilinx.sdk.hw_1.0.0.202305040745.jar:?]
	at com.xilinx.sdk.hw.internal.HwPlatform.getArchFamily(HwPlatform.java:587) [com.xilinx.sdk.hw_1.0.0.202305040745.jar:?]
	at com.xilinx.sdk.tcf.internal.debug.ui.common.BaseLaunchConfigModel.readCrossTriggerModel(BaseLaunchConfigModel.java:174) [com.xilinx.sdk.tcf.debug_1.0.0.202305040745.jar:?]
	at com.xilinx.sdk.tcf.internal.debug.ui.common.BaseLaunchConfigModel.readAndSetAttributes(BaseLaunchConfigModel.java:156) [com.xilinx.sdk.tcf.debug_1.0.0.202305040745.jar:?]
	at com.xilinx.sdx.sdsoc.debug.ui.SdsLaunchConfigModel.newInstance(SdsLaunchConfigModel.java:109) [com.xilinx.sdx.sdsoc.debug.ui_1.0.0.202305040745.jar:?]
	at com.xilinx.sdx.sdsoc.debug.launch.SdsTcfLaunchDelegate.createConfigModel(SdsTcfLaunchDelegate.java:85) [com.xilinx.sdx.sdsoc.debug_1.0.0.202305040745.jar:?]
	at com.xilinx.sdx.sdsoc.debug.launch.SdsTcfLaunchDelegate.generateReports(SdsTcfLaunchDelegate.java:641) [com.xilinx.sdx.sdsoc.debug_1.0.0.202305040745.jar:?]
	at com.xilinx.sdx.sdsoc.debug.launch.SdsTcfLaunchDelegate.onDisconnected(SdsTcfLaunchDelegate.java:615) [com.xilinx.sdx.sdsoc.debug_1.0.0.202305040745.jar:?]
	at org.eclipse.tcf.internal.debug.ui.model.TCFModelManager$1.onDisconnected(TCFModelManager.java:79) [org.eclipse.tcf.debug.ui_1.7.0.202305040745.jar:?]
	at org.eclipse.tcf.internal.debug.model.TCFLaunch.onDisconnected(TCFLaunch.java:532) [org.eclipse.tcf.debug_1.7.0.202305040745.jar:?]
	at org.eclipse.tcf.internal.debug.model.TCFLaunch$43.onChannelClosed(TCFLaunch.java:1643) [org.eclipse.tcf.debug_1.7.0.202305040745.jar:?]
	at org.eclipse.tcf.core.AbstractChannel$9.run(AbstractChannel.java:858) [org.eclipse.tcf.core_1.7.0.202305040745.jar:?]
	at org.eclipse.tcf.EventQueue.run(EventQueue.java:98) [org.eclipse.tcf_1.7.0.202305040745.jar:?]
	at java.lang.Thread.run(Thread.java:829) [?:?]
17:18:19 INFO  : Disconnected from the channel tcfchan#3.
17:18:19 INFO  : The hardware specification used by project 'threat_detection_app' is out of sync with the platform. Resource files extracted from the hardware specification will be updated.
17:18:19 INFO  : The file 'C:\Xilinx\ECE_520\Sandbox\threat_detection_vitis\threat_detection_app\_ide\bitstream\threat_detector_bd_wrapper2.bit' stored in project is removed.
17:18:19 INFO  : The updated bitstream files are copied from platform to folder 'C:\Xilinx\ECE_520\Sandbox\threat_detection_vitis\threat_detection_app\_ide\bitstream' in project 'threat_detection_app'.
17:18:19 INFO  : The file 'C:\Xilinx\ECE_520\Sandbox\threat_detection_vitis\threat_detection_app\_ide\psinit\ps7_init.tcl' stored in project is removed.
17:18:23 INFO  : The updated ps init files are copied from platform to folder 'C:\Xilinx\ECE_520\Sandbox\threat_detection_vitis\threat_detection_app\_ide\psinit' in project 'threat_detection_app'.
17:18:23 INFO  : Connected to target on host '127.0.0.1' and port '3121'.
17:18:24 INFO  : Jtag cable 'Digilent Zybo Z7 210351AF24D9A' is selected.
17:18:24 INFO  : 'jtag frequency' command is executed.
17:18:24 INFO  : Context for 'APU' is selected.
17:18:24 INFO  : System reset is completed.
17:18:27 INFO  : 'after 3000' command is executed.
17:18:27 INFO  : 'targets -set -filter {jtag_cable_name =~ "Digilent Zybo Z7 210351AF24D9A" && level==0 && jtag_device_ctx=="jsn-Zybo Z7-210351AF24D9A-13722093-0"}' command is executed.
17:18:28 INFO  : Device configured successfully with "C:/Xilinx/ECE_520/Sandbox/threat_detection_vitis/threat_detection_app/_ide/bitstream/threat_detector_bd_wrapper2.bit"
17:18:28 INFO  : Context for 'APU' is selected.
17:18:28 INFO  : Hardware design and registers information is loaded from 'C:/Xilinx/ECE_520/Sandbox/threat_detection_vitis/threat_app3/export/threat_app3/hw/threat_detector_bd_wrapper2.xsa'.
17:18:28 INFO  : 'configparams force-mem-access 1' command is executed.
17:18:28 INFO  : Context for 'APU' is selected.
17:18:28 INFO  : Sourcing of 'C:/Xilinx/ECE_520/Sandbox/threat_detection_vitis/threat_detection_app/_ide/psinit/ps7_init.tcl' is done.
17:18:28 INFO  : 'ps7_init' command is executed.
17:18:28 INFO  : 'ps7_post_config' command is executed.
17:18:28 INFO  : Context for processor 'ps7_cortexa9_0' is selected.
17:18:29 INFO  : The application 'C:/Xilinx/ECE_520/Sandbox/threat_detection_vitis/threat_detection_app/Debug/threat_detection_app.elf' is downloaded to processor 'ps7_cortexa9_0'.
17:18:29 INFO  : 'configparams force-mem-access 0' command is executed.
17:18:29 INFO  : ----------------XSDB Script----------------
connect -url tcp:127.0.0.1:3121
targets -set -nocase -filter {name =~"APU*"}
rst -system
after 3000
targets -set -filter {jtag_cable_name =~ "Digilent Zybo Z7 210351AF24D9A" && level==0 && jtag_device_ctx=="jsn-Zybo Z7-210351AF24D9A-13722093-0"}
fpga -file C:/Xilinx/ECE_520/Sandbox/threat_detection_vitis/threat_detection_app/_ide/bitstream/threat_detector_bd_wrapper2.bit
targets -set -nocase -filter {name =~"APU*"}
loadhw -hw C:/Xilinx/ECE_520/Sandbox/threat_detection_vitis/threat_app3/export/threat_app3/hw/threat_detector_bd_wrapper2.xsa -mem-ranges [list {0x40000000 0xbfffffff}] -regs
configparams force-mem-access 1
targets -set -nocase -filter {name =~"APU*"}
source C:/Xilinx/ECE_520/Sandbox/threat_detection_vitis/threat_detection_app/_ide/psinit/ps7_init.tcl
ps7_init
ps7_post_config
targets -set -nocase -filter {name =~ "*A9*#0"}
dow C:/Xilinx/ECE_520/Sandbox/threat_detection_vitis/threat_detection_app/Debug/threat_detection_app.elf
configparams force-mem-access 0
----------------End of Script----------------

17:18:29 INFO  : Context for processor 'ps7_cortexa9_0' is selected.
17:18:29 INFO  : 'con' command is executed.
17:18:29 INFO  : ----------------XSDB Script (After Launch)----------------
targets -set -nocase -filter {name =~ "*A9*#0"}
con
----------------End of Script----------------

17:18:29 INFO  : Launch script is exported to file 'C:\Xilinx\ECE_520\Sandbox\threat_detection_vitis\threat_detection_app_system\_ide\scripts\systemdebugger_threat_detection_app_system_standalone.tcl'
17:26:00 INFO  : Checking for BSP changes to sync application flags for project 'threat_detection_app'...
17:26:47 INFO  : Checking for BSP changes to sync application flags for project 'threat_detection_app'...
17:26:52 INFO  : Disconnected from the channel tcfchan#5.
17:26:52 INFO  : Connected to target on host '127.0.0.1' and port '3121'.
17:26:52 INFO  : Jtag cable 'Digilent Zybo Z7 210351AF24D9A' is selected.
17:26:52 INFO  : 'jtag frequency' command is executed.
17:26:52 INFO  : Context for 'APU' is selected.
17:26:52 INFO  : System reset is completed.
17:26:55 INFO  : 'after 3000' command is executed.
17:26:55 INFO  : 'targets -set -filter {jtag_cable_name =~ "Digilent Zybo Z7 210351AF24D9A" && level==0 && jtag_device_ctx=="jsn-Zybo Z7-210351AF24D9A-13722093-0"}' command is executed.
17:26:57 INFO  : Device configured successfully with "C:/Xilinx/ECE_520/Sandbox/threat_detection_vitis/threat_detection_app/_ide/bitstream/threat_detector_bd_wrapper2.bit"
17:26:57 INFO  : Context for 'APU' is selected.
17:26:57 INFO  : Hardware design and registers information is loaded from 'C:/Xilinx/ECE_520/Sandbox/threat_detection_vitis/threat_app3/export/threat_app3/hw/threat_detector_bd_wrapper2.xsa'.
17:26:57 INFO  : 'configparams force-mem-access 1' command is executed.
17:26:57 INFO  : Context for 'APU' is selected.
17:26:57 INFO  : Sourcing of 'C:/Xilinx/ECE_520/Sandbox/threat_detection_vitis/threat_detection_app/_ide/psinit/ps7_init.tcl' is done.
17:26:57 INFO  : 'ps7_init' command is executed.
17:26:57 INFO  : 'ps7_post_config' command is executed.
17:26:57 INFO  : Context for processor 'ps7_cortexa9_0' is selected.
17:26:57 INFO  : The application 'C:/Xilinx/ECE_520/Sandbox/threat_detection_vitis/threat_detection_app/Debug/threat_detection_app.elf' is downloaded to processor 'ps7_cortexa9_0'.
17:26:57 INFO  : 'configparams force-mem-access 0' command is executed.
17:26:57 INFO  : ----------------XSDB Script----------------
connect -url tcp:127.0.0.1:3121
targets -set -nocase -filter {name =~"APU*"}
rst -system
after 3000
targets -set -filter {jtag_cable_name =~ "Digilent Zybo Z7 210351AF24D9A" && level==0 && jtag_device_ctx=="jsn-Zybo Z7-210351AF24D9A-13722093-0"}
fpga -file C:/Xilinx/ECE_520/Sandbox/threat_detection_vitis/threat_detection_app/_ide/bitstream/threat_detector_bd_wrapper2.bit
targets -set -nocase -filter {name =~"APU*"}
loadhw -hw C:/Xilinx/ECE_520/Sandbox/threat_detection_vitis/threat_app3/export/threat_app3/hw/threat_detector_bd_wrapper2.xsa -mem-ranges [list {0x40000000 0xbfffffff}] -regs
configparams force-mem-access 1
targets -set -nocase -filter {name =~"APU*"}
source C:/Xilinx/ECE_520/Sandbox/threat_detection_vitis/threat_detection_app/_ide/psinit/ps7_init.tcl
ps7_init
ps7_post_config
targets -set -nocase -filter {name =~ "*A9*#0"}
dow C:/Xilinx/ECE_520/Sandbox/threat_detection_vitis/threat_detection_app/Debug/threat_detection_app.elf
configparams force-mem-access 0
----------------End of Script----------------

17:26:57 INFO  : Context for processor 'ps7_cortexa9_0' is selected.
17:26:57 INFO  : 'con' command is executed.
17:26:57 INFO  : ----------------XSDB Script (After Launch)----------------
targets -set -nocase -filter {name =~ "*A9*#0"}
con
----------------End of Script----------------

17:26:57 INFO  : Launch script is exported to file 'C:\Xilinx\ECE_520\Sandbox\threat_detection_vitis\threat_detection_app_system\_ide\scripts\systemdebugger_threat_detection_app_system_standalone.tcl'
17:31:04 INFO  : Checking for BSP changes to sync application flags for project 'threat_detection_app'...
17:31:08 INFO  : Disconnected from the channel tcfchan#6.
17:31:08 INFO  : Connected to target on host '127.0.0.1' and port '3121'.
17:31:08 INFO  : Jtag cable 'Digilent Zybo Z7 210351AF24D9A' is selected.
17:31:08 INFO  : 'jtag frequency' command is executed.
17:31:08 INFO  : Context for 'APU' is selected.
17:31:08 INFO  : System reset is completed.
17:31:11 INFO  : 'after 3000' command is executed.
17:31:11 INFO  : 'targets -set -filter {jtag_cable_name =~ "Digilent Zybo Z7 210351AF24D9A" && level==0 && jtag_device_ctx=="jsn-Zybo Z7-210351AF24D9A-13722093-0"}' command is executed.
17:31:12 INFO  : Device configured successfully with "C:/Xilinx/ECE_520/Sandbox/threat_detection_vitis/threat_detection_app/_ide/bitstream/threat_detector_bd_wrapper2.bit"
17:31:12 INFO  : Context for 'APU' is selected.
17:31:12 INFO  : Hardware design and registers information is loaded from 'C:/Xilinx/ECE_520/Sandbox/threat_detection_vitis/threat_app3/export/threat_app3/hw/threat_detector_bd_wrapper2.xsa'.
17:31:12 INFO  : 'configparams force-mem-access 1' command is executed.
17:31:12 INFO  : Context for 'APU' is selected.
17:31:12 INFO  : Sourcing of 'C:/Xilinx/ECE_520/Sandbox/threat_detection_vitis/threat_detection_app/_ide/psinit/ps7_init.tcl' is done.
17:31:13 INFO  : 'ps7_init' command is executed.
17:31:13 INFO  : 'ps7_post_config' command is executed.
17:31:13 INFO  : Context for processor 'ps7_cortexa9_0' is selected.
17:31:13 INFO  : The application 'C:/Xilinx/ECE_520/Sandbox/threat_detection_vitis/threat_detection_app/Debug/threat_detection_app.elf' is downloaded to processor 'ps7_cortexa9_0'.
17:31:13 INFO  : 'configparams force-mem-access 0' command is executed.
17:31:13 INFO  : ----------------XSDB Script----------------
connect -url tcp:127.0.0.1:3121
targets -set -nocase -filter {name =~"APU*"}
rst -system
after 3000
targets -set -filter {jtag_cable_name =~ "Digilent Zybo Z7 210351AF24D9A" && level==0 && jtag_device_ctx=="jsn-Zybo Z7-210351AF24D9A-13722093-0"}
fpga -file C:/Xilinx/ECE_520/Sandbox/threat_detection_vitis/threat_detection_app/_ide/bitstream/threat_detector_bd_wrapper2.bit
targets -set -nocase -filter {name =~"APU*"}
loadhw -hw C:/Xilinx/ECE_520/Sandbox/threat_detection_vitis/threat_app3/export/threat_app3/hw/threat_detector_bd_wrapper2.xsa -mem-ranges [list {0x40000000 0xbfffffff}] -regs
configparams force-mem-access 1
targets -set -nocase -filter {name =~"APU*"}
source C:/Xilinx/ECE_520/Sandbox/threat_detection_vitis/threat_detection_app/_ide/psinit/ps7_init.tcl
ps7_init
ps7_post_config
targets -set -nocase -filter {name =~ "*A9*#0"}
dow C:/Xilinx/ECE_520/Sandbox/threat_detection_vitis/threat_detection_app/Debug/threat_detection_app.elf
configparams force-mem-access 0
----------------End of Script----------------

17:31:13 INFO  : Context for processor 'ps7_cortexa9_0' is selected.
17:31:13 INFO  : 'con' command is executed.
17:31:13 INFO  : ----------------XSDB Script (After Launch)----------------
targets -set -nocase -filter {name =~ "*A9*#0"}
con
----------------End of Script----------------

17:31:13 INFO  : Launch script is exported to file 'C:\Xilinx\ECE_520\Sandbox\threat_detection_vitis\threat_detection_app_system\_ide\scripts\systemdebugger_threat_detection_app_system_standalone.tcl'
17:32:55 INFO  : Disconnected from the channel tcfchan#7.
17:32:55 INFO  : Connected to target on host '127.0.0.1' and port '3121'.
17:32:56 INFO  : Jtag cable 'Digilent Zybo Z7 210351AF24D9A' is selected.
17:32:56 INFO  : 'jtag frequency' command is executed.
17:32:56 INFO  : Context for 'APU' is selected.
17:32:56 INFO  : System reset is completed.
17:32:59 INFO  : 'after 3000' command is executed.
17:32:59 INFO  : 'targets -set -filter {jtag_cable_name =~ "Digilent Zybo Z7 210351AF24D9A" && level==0 && jtag_device_ctx=="jsn-Zybo Z7-210351AF24D9A-13722093-0"}' command is executed.
17:33:00 INFO  : Device configured successfully with "C:/Xilinx/ECE_520/Sandbox/threat_detection_vitis/threat_detection_app/_ide/bitstream/threat_detector_bd_wrapper2.bit"
17:33:00 INFO  : Context for 'APU' is selected.
17:33:00 INFO  : Hardware design and registers information is loaded from 'C:/Xilinx/ECE_520/Sandbox/threat_detection_vitis/threat_app3/export/threat_app3/hw/threat_detector_bd_wrapper2.xsa'.
17:33:00 INFO  : 'configparams force-mem-access 1' command is executed.
17:33:00 INFO  : Context for 'APU' is selected.
17:33:00 INFO  : Sourcing of 'C:/Xilinx/ECE_520/Sandbox/threat_detection_vitis/threat_detection_app/_ide/psinit/ps7_init.tcl' is done.
17:33:00 INFO  : 'ps7_init' command is executed.
17:33:00 INFO  : 'ps7_post_config' command is executed.
17:33:00 INFO  : Context for processor 'ps7_cortexa9_0' is selected.
17:33:00 INFO  : The application 'C:/Xilinx/ECE_520/Sandbox/threat_detection_vitis/threat_detection_app/Debug/threat_detection_app.elf' is downloaded to processor 'ps7_cortexa9_0'.
17:33:00 INFO  : 'configparams force-mem-access 0' command is executed.
17:33:00 INFO  : ----------------XSDB Script----------------
connect -url tcp:127.0.0.1:3121
targets -set -nocase -filter {name =~"APU*"}
rst -system
after 3000
targets -set -filter {jtag_cable_name =~ "Digilent Zybo Z7 210351AF24D9A" && level==0 && jtag_device_ctx=="jsn-Zybo Z7-210351AF24D9A-13722093-0"}
fpga -file C:/Xilinx/ECE_520/Sandbox/threat_detection_vitis/threat_detection_app/_ide/bitstream/threat_detector_bd_wrapper2.bit
targets -set -nocase -filter {name =~"APU*"}
loadhw -hw C:/Xilinx/ECE_520/Sandbox/threat_detection_vitis/threat_app3/export/threat_app3/hw/threat_detector_bd_wrapper2.xsa -mem-ranges [list {0x40000000 0xbfffffff}] -regs
configparams force-mem-access 1
targets -set -nocase -filter {name =~"APU*"}
source C:/Xilinx/ECE_520/Sandbox/threat_detection_vitis/threat_detection_app/_ide/psinit/ps7_init.tcl
ps7_init
ps7_post_config
targets -set -nocase -filter {name =~ "*A9*#0"}
dow C:/Xilinx/ECE_520/Sandbox/threat_detection_vitis/threat_detection_app/Debug/threat_detection_app.elf
configparams force-mem-access 0
----------------End of Script----------------

17:33:01 INFO  : Context for processor 'ps7_cortexa9_0' is selected.
17:33:01 INFO  : 'con' command is executed.
17:33:01 INFO  : ----------------XSDB Script (After Launch)----------------
targets -set -nocase -filter {name =~ "*A9*#0"}
con
----------------End of Script----------------

17:33:01 INFO  : Launch script is exported to file 'C:\Xilinx\ECE_520\Sandbox\threat_detection_vitis\threat_detection_app_system\_ide\scripts\systemdebugger_threat_detection_app_system_standalone.tcl'
17:34:34 INFO  : Disconnected from the channel tcfchan#8.
17:34:35 INFO  : Connected to target on host '127.0.0.1' and port '3121'.
17:34:44 INFO  : ----------------XSDB Script----------------
connect -url tcp:127.0.0.1:3121
----------------End of Script----------------

17:34:44 ERROR : Could not find ARM device on the board for connection 'Local'.
Check if the target is in:
1. Split JTAG - No operations are possible with ARM DAP.
2. Non JTAG bootmode - Bootrom may need time to enable DAP.
Please try again.


Troubleshooting hints:
1. Check whether board is connected to system properly.
2. In case of zynq board, check whether Digilent/Xilinx cable switch settings are correct.
3. If you are using Xilinx Platform Cable USB, ensure that status LED is green.
17:40:19 INFO  : Connected to target on host '127.0.0.1' and port '3121'.
17:40:19 INFO  : Jtag cable 'Digilent Zybo Z7 210351AF24D9A' is selected.
17:40:19 INFO  : 'jtag frequency' command is executed.
17:40:19 INFO  : Context for 'APU' is selected.
17:40:20 INFO  : System reset is completed.
17:40:23 INFO  : 'after 3000' command is executed.
17:40:23 INFO  : 'targets -set -filter {jtag_cable_name =~ "Digilent Zybo Z7 210351AF24D9A" && level==0 && jtag_device_ctx=="jsn-Zybo Z7-210351AF24D9A-13722093-0"}' command is executed.
17:40:24 INFO  : Device configured successfully with "C:/Xilinx/ECE_520/Sandbox/threat_detection_vitis/threat_detection_app/_ide/bitstream/threat_detector_bd_wrapper2.bit"
17:40:24 INFO  : Context for 'APU' is selected.
17:40:24 INFO  : Hardware design and registers information is loaded from 'C:/Xilinx/ECE_520/Sandbox/threat_detection_vitis/threat_app3/export/threat_app3/hw/threat_detector_bd_wrapper2.xsa'.
17:40:24 INFO  : 'configparams force-mem-access 1' command is executed.
17:40:24 INFO  : Context for 'APU' is selected.
17:40:24 INFO  : Sourcing of 'C:/Xilinx/ECE_520/Sandbox/threat_detection_vitis/threat_detection_app/_ide/psinit/ps7_init.tcl' is done.
17:40:24 INFO  : 'ps7_init' command is executed.
17:40:24 INFO  : 'ps7_post_config' command is executed.
17:40:25 INFO  : Context for processor 'ps7_cortexa9_0' is selected.
17:40:25 INFO  : The application 'C:/Xilinx/ECE_520/Sandbox/threat_detection_vitis/threat_detection_app/Debug/threat_detection_app.elf' is downloaded to processor 'ps7_cortexa9_0'.
17:40:25 INFO  : 'configparams force-mem-access 0' command is executed.
17:40:25 INFO  : ----------------XSDB Script----------------
connect -url tcp:127.0.0.1:3121
targets -set -nocase -filter {name =~"APU*"}
rst -system
after 3000
targets -set -filter {jtag_cable_name =~ "Digilent Zybo Z7 210351AF24D9A" && level==0 && jtag_device_ctx=="jsn-Zybo Z7-210351AF24D9A-13722093-0"}
fpga -file C:/Xilinx/ECE_520/Sandbox/threat_detection_vitis/threat_detection_app/_ide/bitstream/threat_detector_bd_wrapper2.bit
targets -set -nocase -filter {name =~"APU*"}
loadhw -hw C:/Xilinx/ECE_520/Sandbox/threat_detection_vitis/threat_app3/export/threat_app3/hw/threat_detector_bd_wrapper2.xsa -mem-ranges [list {0x40000000 0xbfffffff}] -regs
configparams force-mem-access 1
targets -set -nocase -filter {name =~"APU*"}
source C:/Xilinx/ECE_520/Sandbox/threat_detection_vitis/threat_detection_app/_ide/psinit/ps7_init.tcl
ps7_init
ps7_post_config
targets -set -nocase -filter {name =~ "*A9*#0"}
dow C:/Xilinx/ECE_520/Sandbox/threat_detection_vitis/threat_detection_app/Debug/threat_detection_app.elf
configparams force-mem-access 0
----------------End of Script----------------

17:40:25 INFO  : Context for processor 'ps7_cortexa9_0' is selected.
17:40:25 INFO  : 'con' command is executed.
17:40:25 INFO  : ----------------XSDB Script (After Launch)----------------
targets -set -nocase -filter {name =~ "*A9*#0"}
con
----------------End of Script----------------

17:40:25 INFO  : Launch script is exported to file 'C:\Xilinx\ECE_520\Sandbox\threat_detection_vitis\threat_detection_app_system\_ide\scripts\debugger_threat_detection_app-default.tcl'
17:42:41 INFO  : Disconnected from the channel tcfchan#9.
17:42:42 INFO  : Connected to target on host '127.0.0.1' and port '3121'.
17:42:42 INFO  : Jtag cable 'Digilent Zybo Z7 210351AF24D9A' is selected.
17:42:42 INFO  : 'jtag frequency' command is executed.
17:42:42 INFO  : Context for 'APU' is selected.
17:42:42 INFO  : System reset is completed.
17:42:45 INFO  : 'after 3000' command is executed.
17:42:45 INFO  : 'targets -set -filter {jtag_cable_name =~ "Digilent Zybo Z7 210351AF24D9A" && level==0 && jtag_device_ctx=="jsn-Zybo Z7-210351AF24D9A-13722093-0"}' command is executed.
17:42:47 INFO  : Device configured successfully with "C:/Xilinx/ECE_520/Sandbox/threat_detection_vitis/threat_detection_app/_ide/bitstream/threat_detector_bd_wrapper2.bit"
17:42:47 INFO  : Context for 'APU' is selected.
17:42:47 INFO  : Hardware design and registers information is loaded from 'C:/Xilinx/ECE_520/Sandbox/threat_detection_vitis/threat_app3/export/threat_app3/hw/threat_detector_bd_wrapper2.xsa'.
17:42:47 INFO  : 'configparams force-mem-access 1' command is executed.
17:42:47 INFO  : Context for 'APU' is selected.
17:42:47 INFO  : Sourcing of 'C:/Xilinx/ECE_520/Sandbox/threat_detection_vitis/threat_detection_app/_ide/psinit/ps7_init.tcl' is done.
17:42:47 INFO  : 'ps7_init' command is executed.
17:42:47 INFO  : 'ps7_post_config' command is executed.
17:42:47 INFO  : Context for processor 'ps7_cortexa9_0' is selected.
17:42:47 INFO  : The application 'C:/Xilinx/ECE_520/Sandbox/threat_detection_vitis/threat_detection_app/Debug/threat_detection_app.elf' is downloaded to processor 'ps7_cortexa9_0'.
17:42:47 INFO  : 'configparams force-mem-access 0' command is executed.
17:42:47 INFO  : ----------------XSDB Script----------------
connect -url tcp:127.0.0.1:3121
targets -set -nocase -filter {name =~"APU*"}
rst -system
after 3000
targets -set -filter {jtag_cable_name =~ "Digilent Zybo Z7 210351AF24D9A" && level==0 && jtag_device_ctx=="jsn-Zybo Z7-210351AF24D9A-13722093-0"}
fpga -file C:/Xilinx/ECE_520/Sandbox/threat_detection_vitis/threat_detection_app/_ide/bitstream/threat_detector_bd_wrapper2.bit
targets -set -nocase -filter {name =~"APU*"}
loadhw -hw C:/Xilinx/ECE_520/Sandbox/threat_detection_vitis/threat_app3/export/threat_app3/hw/threat_detector_bd_wrapper2.xsa -mem-ranges [list {0x40000000 0xbfffffff}] -regs
configparams force-mem-access 1
targets -set -nocase -filter {name =~"APU*"}
source C:/Xilinx/ECE_520/Sandbox/threat_detection_vitis/threat_detection_app/_ide/psinit/ps7_init.tcl
ps7_init
ps7_post_config
targets -set -nocase -filter {name =~ "*A9*#0"}
dow C:/Xilinx/ECE_520/Sandbox/threat_detection_vitis/threat_detection_app/Debug/threat_detection_app.elf
configparams force-mem-access 0
----------------End of Script----------------

17:42:48 INFO  : Context for processor 'ps7_cortexa9_0' is selected.
17:42:48 INFO  : 'con' command is executed.
17:42:48 INFO  : ----------------XSDB Script (After Launch)----------------
targets -set -nocase -filter {name =~ "*A9*#0"}
con
----------------End of Script----------------

17:42:48 INFO  : Launch script is exported to file 'C:\Xilinx\ECE_520\Sandbox\threat_detection_vitis\threat_detection_app_system\_ide\scripts\debugger_threat_detection_app-default.tcl'
17:45:42 INFO  : Checking for BSP changes to sync application flags for project 'threat_detection_app'...
17:46:05 INFO  : Disconnected from the channel tcfchan#10.
17:46:06 INFO  : Connected to target on host '127.0.0.1' and port '3121'.
17:46:06 INFO  : Jtag cable 'Digilent Zybo Z7 210351AF24D9A' is selected.
17:46:06 INFO  : 'jtag frequency' command is executed.
17:46:06 INFO  : Context for 'APU' is selected.
17:46:06 INFO  : System reset is completed.
17:46:09 INFO  : 'after 3000' command is executed.
17:46:09 INFO  : 'targets -set -filter {jtag_cable_name =~ "Digilent Zybo Z7 210351AF24D9A" && level==0 && jtag_device_ctx=="jsn-Zybo Z7-210351AF24D9A-13722093-0"}' command is executed.
17:46:11 INFO  : Device configured successfully with "C:/Xilinx/ECE_520/Sandbox/threat_detection_vitis/threat_detection_app/_ide/bitstream/threat_detector_bd_wrapper2.bit"
17:46:11 INFO  : Context for 'APU' is selected.
17:46:11 INFO  : Hardware design and registers information is loaded from 'C:/Xilinx/ECE_520/Sandbox/threat_detection_vitis/threat_app3/export/threat_app3/hw/threat_detector_bd_wrapper2.xsa'.
17:46:11 INFO  : 'configparams force-mem-access 1' command is executed.
17:46:11 INFO  : Context for 'APU' is selected.
17:46:11 INFO  : Sourcing of 'C:/Xilinx/ECE_520/Sandbox/threat_detection_vitis/threat_detection_app/_ide/psinit/ps7_init.tcl' is done.
17:46:11 INFO  : 'ps7_init' command is executed.
17:46:11 INFO  : 'ps7_post_config' command is executed.
17:46:11 INFO  : Context for processor 'ps7_cortexa9_0' is selected.
17:46:11 INFO  : The application 'C:/Xilinx/ECE_520/Sandbox/threat_detection_vitis/threat_detection_app/Debug/threat_detection_app.elf' is downloaded to processor 'ps7_cortexa9_0'.
17:46:11 INFO  : 'configparams force-mem-access 0' command is executed.
17:46:11 INFO  : ----------------XSDB Script----------------
connect -url tcp:127.0.0.1:3121
targets -set -nocase -filter {name =~"APU*"}
rst -system
after 3000
targets -set -filter {jtag_cable_name =~ "Digilent Zybo Z7 210351AF24D9A" && level==0 && jtag_device_ctx=="jsn-Zybo Z7-210351AF24D9A-13722093-0"}
fpga -file C:/Xilinx/ECE_520/Sandbox/threat_detection_vitis/threat_detection_app/_ide/bitstream/threat_detector_bd_wrapper2.bit
targets -set -nocase -filter {name =~"APU*"}
loadhw -hw C:/Xilinx/ECE_520/Sandbox/threat_detection_vitis/threat_app3/export/threat_app3/hw/threat_detector_bd_wrapper2.xsa -mem-ranges [list {0x40000000 0xbfffffff}] -regs
configparams force-mem-access 1
targets -set -nocase -filter {name =~"APU*"}
source C:/Xilinx/ECE_520/Sandbox/threat_detection_vitis/threat_detection_app/_ide/psinit/ps7_init.tcl
ps7_init
ps7_post_config
targets -set -nocase -filter {name =~ "*A9*#0"}
dow C:/Xilinx/ECE_520/Sandbox/threat_detection_vitis/threat_detection_app/Debug/threat_detection_app.elf
configparams force-mem-access 0
----------------End of Script----------------

17:46:11 INFO  : Context for processor 'ps7_cortexa9_0' is selected.
17:46:11 INFO  : 'con' command is executed.
17:46:11 INFO  : ----------------XSDB Script (After Launch)----------------
targets -set -nocase -filter {name =~ "*A9*#0"}
con
----------------End of Script----------------

17:46:11 INFO  : Launch script is exported to file 'C:\Xilinx\ECE_520\Sandbox\threat_detection_vitis\threat_detection_app_system\_ide\scripts\debugger_threat_detection_app-default.tcl'
17:57:02 INFO  : Disconnected from the channel tcfchan#11.
17:57:04 INFO  : Connected through redirection to target on host 'localhost' and port '3121'.
17:57:04 INFO  : Jtag cable 'Digilent Zybo Z7 210351AF24D9A' is selected.
17:57:04 INFO  : 'jtag frequency' command is executed.
17:57:04 INFO  : Context for 'APU' is selected.
17:57:04 INFO  : System reset is completed.
17:57:07 INFO  : 'after 3000' command is executed.
17:57:07 INFO  : 'targets -set -filter {jtag_cable_name =~ "Digilent Zybo Z7 210351AF24D9A" && level==0 && jtag_device_ctx=="jsn-Zybo Z7-210351AF24D9A-13722093-0"}' command is executed.
17:57:09 INFO  : Device configured successfully with "C:/Xilinx/ECE_520/Sandbox/threat_detection_vitis/threat_detection_app/_ide/bitstream/threat_detector_bd_wrapper2.bit"
17:57:09 INFO  : Context for 'APU' is selected.
17:57:09 INFO  : Hardware design and registers information is loaded from 'C:/Xilinx/ECE_520/Sandbox/threat_detection_vitis/threat_app3/export/threat_app3/hw/threat_detector_bd_wrapper2.xsa'.
17:57:09 INFO  : 'configparams force-mem-access 1' command is executed.
17:57:09 INFO  : Context for 'APU' is selected.
17:57:09 INFO  : Sourcing of 'C:/Xilinx/ECE_520/Sandbox/threat_detection_vitis/threat_detection_app/_ide/psinit/ps7_init.tcl' is done.
17:57:09 INFO  : 'ps7_init' command is executed.
17:57:09 INFO  : 'ps7_post_config' command is executed.
17:57:09 INFO  : Context for processor 'ps7_cortexa9_0' is selected.
17:57:09 INFO  : The application 'C:/Xilinx/ECE_520/Sandbox/threat_detection_vitis/threat_detection_app/Debug/threat_detection_app.elf' is downloaded to processor 'ps7_cortexa9_0'.
17:57:09 INFO  : 'configparams force-mem-access 0' command is executed.
17:57:09 INFO  : ----------------XSDB Script----------------
connect -path [list tcp::1534 tcp:localhost:3121]
targets -set -nocase -filter {name =~"APU*"}
rst -system
after 3000
targets -set -filter {jtag_cable_name =~ "Digilent Zybo Z7 210351AF24D9A" && level==0 && jtag_device_ctx=="jsn-Zybo Z7-210351AF24D9A-13722093-0"}
fpga -file C:/Xilinx/ECE_520/Sandbox/threat_detection_vitis/threat_detection_app/_ide/bitstream/threat_detector_bd_wrapper2.bit
targets -set -nocase -filter {name =~"APU*"}
loadhw -hw C:/Xilinx/ECE_520/Sandbox/threat_detection_vitis/threat_app3/export/threat_app3/hw/threat_detector_bd_wrapper2.xsa -mem-ranges [list {0x40000000 0xbfffffff}] -regs
configparams force-mem-access 1
targets -set -nocase -filter {name =~"APU*"}
source C:/Xilinx/ECE_520/Sandbox/threat_detection_vitis/threat_detection_app/_ide/psinit/ps7_init.tcl
ps7_init
ps7_post_config
targets -set -nocase -filter {name =~ "*A9*#0"}
dow C:/Xilinx/ECE_520/Sandbox/threat_detection_vitis/threat_detection_app/Debug/threat_detection_app.elf
configparams force-mem-access 0
----------------End of Script----------------

17:57:10 INFO  : Context for processor 'ps7_cortexa9_0' is selected.
17:57:10 INFO  : 'con' command is executed.
17:57:10 INFO  : ----------------XSDB Script (After Launch)----------------
targets -set -nocase -filter {name =~ "*A9*#0"}
con
----------------End of Script----------------

17:57:10 INFO  : Launch script is exported to file 'C:\Xilinx\ECE_520\Sandbox\threat_detection_vitis\threat_detection_app_system\_ide\scripts\debugger_threat_detection_app-default.tcl'
18:17:24 INFO  : Checking for BSP changes to sync application flags for project 'threat_detection_app'...
18:17:34 INFO  : Disconnected from the channel tcfchan#13.
18:17:35 INFO  : Connected through redirection to target on host 'localhost' and port '3121'.
18:17:35 INFO  : Jtag cable 'Digilent Zybo Z7 210351AF24D9A' is selected.
18:17:35 INFO  : 'jtag frequency' command is executed.
18:17:35 INFO  : Context for 'APU' is selected.
18:17:35 INFO  : System reset is completed.
18:17:38 INFO  : 'after 3000' command is executed.
18:17:38 INFO  : 'targets -set -filter {jtag_cable_name =~ "Digilent Zybo Z7 210351AF24D9A" && level==0 && jtag_device_ctx=="jsn-Zybo Z7-210351AF24D9A-13722093-0"}' command is executed.
18:17:39 INFO  : Device configured successfully with "C:/Xilinx/ECE_520/Sandbox/threat_detection_vitis/threat_detection_app/_ide/bitstream/threat_detector_bd_wrapper2.bit"
18:17:40 INFO  : Context for 'APU' is selected.
18:17:40 INFO  : Hardware design and registers information is loaded from 'C:/Xilinx/ECE_520/Sandbox/threat_detection_vitis/threat_app3/export/threat_app3/hw/threat_detector_bd_wrapper2.xsa'.
18:17:40 INFO  : 'configparams force-mem-access 1' command is executed.
18:17:40 INFO  : Context for 'APU' is selected.
18:17:40 INFO  : Sourcing of 'C:/Xilinx/ECE_520/Sandbox/threat_detection_vitis/threat_detection_app/_ide/psinit/ps7_init.tcl' is done.
18:17:40 INFO  : 'ps7_init' command is executed.
18:17:40 INFO  : 'ps7_post_config' command is executed.
18:17:40 INFO  : Context for processor 'ps7_cortexa9_0' is selected.
18:17:40 INFO  : The application 'C:/Xilinx/ECE_520/Sandbox/threat_detection_vitis/threat_detection_app/Debug/threat_detection_app.elf' is downloaded to processor 'ps7_cortexa9_0'.
18:17:40 INFO  : 'configparams force-mem-access 0' command is executed.
18:17:40 INFO  : ----------------XSDB Script----------------
connect -path [list tcp::1534 tcp:localhost:3121]
targets -set -nocase -filter {name =~"APU*"}
rst -system
after 3000
targets -set -filter {jtag_cable_name =~ "Digilent Zybo Z7 210351AF24D9A" && level==0 && jtag_device_ctx=="jsn-Zybo Z7-210351AF24D9A-13722093-0"}
fpga -file C:/Xilinx/ECE_520/Sandbox/threat_detection_vitis/threat_detection_app/_ide/bitstream/threat_detector_bd_wrapper2.bit
targets -set -nocase -filter {name =~"APU*"}
loadhw -hw C:/Xilinx/ECE_520/Sandbox/threat_detection_vitis/threat_app3/export/threat_app3/hw/threat_detector_bd_wrapper2.xsa -mem-ranges [list {0x40000000 0xbfffffff}] -regs
configparams force-mem-access 1
targets -set -nocase -filter {name =~"APU*"}
source C:/Xilinx/ECE_520/Sandbox/threat_detection_vitis/threat_detection_app/_ide/psinit/ps7_init.tcl
ps7_init
ps7_post_config
targets -set -nocase -filter {name =~ "*A9*#0"}
dow C:/Xilinx/ECE_520/Sandbox/threat_detection_vitis/threat_detection_app/Debug/threat_detection_app.elf
configparams force-mem-access 0
----------------End of Script----------------

18:17:41 INFO  : Context for processor 'ps7_cortexa9_0' is selected.
18:17:41 INFO  : 'con' command is executed.
18:17:41 INFO  : ----------------XSDB Script (After Launch)----------------
targets -set -nocase -filter {name =~ "*A9*#0"}
con
----------------End of Script----------------

18:17:41 INFO  : Launch script is exported to file 'C:\Xilinx\ECE_520\Sandbox\threat_detection_vitis\threat_detection_app_system\_ide\scripts\debugger_threat_detection_app-default.tcl'
18:25:25 INFO  : Checking for BSP changes to sync application flags for project 'threat_detection_app'...
18:25:36 INFO  : Disconnected from the channel tcfchan#14.
18:25:37 INFO  : Connected through redirection to target on host 'localhost' and port '3121'.
18:25:37 INFO  : Jtag cable 'Digilent Zybo Z7 210351AF24D9A' is selected.
18:25:37 INFO  : 'jtag frequency' command is executed.
18:25:37 INFO  : Context for 'APU' is selected.
18:25:37 INFO  : System reset is completed.
18:25:40 INFO  : 'after 3000' command is executed.
18:25:40 INFO  : 'targets -set -filter {jtag_cable_name =~ "Digilent Zybo Z7 210351AF24D9A" && level==0 && jtag_device_ctx=="jsn-Zybo Z7-210351AF24D9A-13722093-0"}' command is executed.
18:25:42 INFO  : Device configured successfully with "C:/Xilinx/ECE_520/Sandbox/threat_detection_vitis/threat_detection_app/_ide/bitstream/threat_detector_bd_wrapper2.bit"
18:25:42 INFO  : Context for 'APU' is selected.
18:25:42 INFO  : Hardware design and registers information is loaded from 'C:/Xilinx/ECE_520/Sandbox/threat_detection_vitis/threat_app3/export/threat_app3/hw/threat_detector_bd_wrapper2.xsa'.
18:25:42 INFO  : 'configparams force-mem-access 1' command is executed.
18:25:42 INFO  : Context for 'APU' is selected.
18:25:42 INFO  : Sourcing of 'C:/Xilinx/ECE_520/Sandbox/threat_detection_vitis/threat_detection_app/_ide/psinit/ps7_init.tcl' is done.
18:25:42 INFO  : 'ps7_init' command is executed.
18:25:42 INFO  : 'ps7_post_config' command is executed.
18:25:42 INFO  : Context for processor 'ps7_cortexa9_0' is selected.
18:25:42 INFO  : The application 'C:/Xilinx/ECE_520/Sandbox/threat_detection_vitis/threat_detection_app/Debug/threat_detection_app.elf' is downloaded to processor 'ps7_cortexa9_0'.
18:25:42 INFO  : 'configparams force-mem-access 0' command is executed.
18:25:42 INFO  : ----------------XSDB Script----------------
connect -path [list tcp::1534 tcp:localhost:3121]
targets -set -nocase -filter {name =~"APU*"}
rst -system
after 3000
targets -set -filter {jtag_cable_name =~ "Digilent Zybo Z7 210351AF24D9A" && level==0 && jtag_device_ctx=="jsn-Zybo Z7-210351AF24D9A-13722093-0"}
fpga -file C:/Xilinx/ECE_520/Sandbox/threat_detection_vitis/threat_detection_app/_ide/bitstream/threat_detector_bd_wrapper2.bit
targets -set -nocase -filter {name =~"APU*"}
loadhw -hw C:/Xilinx/ECE_520/Sandbox/threat_detection_vitis/threat_app3/export/threat_app3/hw/threat_detector_bd_wrapper2.xsa -mem-ranges [list {0x40000000 0xbfffffff}] -regs
configparams force-mem-access 1
targets -set -nocase -filter {name =~"APU*"}
source C:/Xilinx/ECE_520/Sandbox/threat_detection_vitis/threat_detection_app/_ide/psinit/ps7_init.tcl
ps7_init
ps7_post_config
targets -set -nocase -filter {name =~ "*A9*#0"}
dow C:/Xilinx/ECE_520/Sandbox/threat_detection_vitis/threat_detection_app/Debug/threat_detection_app.elf
configparams force-mem-access 0
----------------End of Script----------------

18:25:43 INFO  : Context for processor 'ps7_cortexa9_0' is selected.
18:25:43 INFO  : 'con' command is executed.
18:25:43 INFO  : ----------------XSDB Script (After Launch)----------------
targets -set -nocase -filter {name =~ "*A9*#0"}
con
----------------End of Script----------------

18:25:43 INFO  : Launch script is exported to file 'C:\Xilinx\ECE_520\Sandbox\threat_detection_vitis\threat_detection_app_system\_ide\scripts\debugger_threat_detection_app-default.tcl'
18:29:25 INFO  : Disconnected from the channel tcfchan#15.
18:29:26 INFO  : Connected through redirection to target on host 'localhost' and port '3121'.
18:29:26 INFO  : Jtag cable 'Digilent Zybo Z7 210351AF24D9A' is selected.
18:29:26 INFO  : 'jtag frequency' command is executed.
18:29:26 INFO  : Context for 'APU' is selected.
18:29:26 INFO  : System reset is completed.
18:29:29 INFO  : 'after 3000' command is executed.
18:29:29 INFO  : 'targets -set -filter {jtag_cable_name =~ "Digilent Zybo Z7 210351AF24D9A" && level==0 && jtag_device_ctx=="jsn-Zybo Z7-210351AF24D9A-13722093-0"}' command is executed.
18:29:31 INFO  : Device configured successfully with "C:/Xilinx/ECE_520/Sandbox/threat_detection_vitis/threat_detection_app/_ide/bitstream/threat_detector_bd_wrapper2.bit"
18:29:31 INFO  : Context for 'APU' is selected.
18:29:31 INFO  : Hardware design and registers information is loaded from 'C:/Xilinx/ECE_520/Sandbox/threat_detection_vitis/threat_app3/export/threat_app3/hw/threat_detector_bd_wrapper2.xsa'.
18:29:31 INFO  : 'configparams force-mem-access 1' command is executed.
18:29:31 INFO  : Context for 'APU' is selected.
18:29:31 INFO  : Sourcing of 'C:/Xilinx/ECE_520/Sandbox/threat_detection_vitis/threat_detection_app/_ide/psinit/ps7_init.tcl' is done.
18:29:31 INFO  : 'ps7_init' command is executed.
18:29:31 INFO  : 'ps7_post_config' command is executed.
18:29:31 INFO  : Context for processor 'ps7_cortexa9_0' is selected.
18:29:32 INFO  : The application 'C:/Xilinx/ECE_520/Sandbox/threat_detection_vitis/threat_detection_app/Debug/threat_detection_app.elf' is downloaded to processor 'ps7_cortexa9_0'.
18:29:32 INFO  : 'configparams force-mem-access 0' command is executed.
18:29:32 INFO  : ----------------XSDB Script----------------
connect -path [list tcp::1534 tcp:localhost:3121]
targets -set -nocase -filter {name =~"APU*"}
rst -system
after 3000
targets -set -filter {jtag_cable_name =~ "Digilent Zybo Z7 210351AF24D9A" && level==0 && jtag_device_ctx=="jsn-Zybo Z7-210351AF24D9A-13722093-0"}
fpga -file C:/Xilinx/ECE_520/Sandbox/threat_detection_vitis/threat_detection_app/_ide/bitstream/threat_detector_bd_wrapper2.bit
targets -set -nocase -filter {name =~"APU*"}
loadhw -hw C:/Xilinx/ECE_520/Sandbox/threat_detection_vitis/threat_app3/export/threat_app3/hw/threat_detector_bd_wrapper2.xsa -mem-ranges [list {0x40000000 0xbfffffff}] -regs
configparams force-mem-access 1
targets -set -nocase -filter {name =~"APU*"}
source C:/Xilinx/ECE_520/Sandbox/threat_detection_vitis/threat_detection_app/_ide/psinit/ps7_init.tcl
ps7_init
ps7_post_config
targets -set -nocase -filter {name =~ "*A9*#0"}
dow C:/Xilinx/ECE_520/Sandbox/threat_detection_vitis/threat_detection_app/Debug/threat_detection_app.elf
configparams force-mem-access 0
----------------End of Script----------------

18:29:32 INFO  : Context for processor 'ps7_cortexa9_0' is selected.
18:29:32 INFO  : 'con' command is executed.
18:29:32 INFO  : ----------------XSDB Script (After Launch)----------------
targets -set -nocase -filter {name =~ "*A9*#0"}
con
----------------End of Script----------------

18:29:32 INFO  : Launch script is exported to file 'C:\Xilinx\ECE_520\Sandbox\threat_detection_vitis\threat_detection_app_system\_ide\scripts\debugger_threat_detection_app-default.tcl'
18:35:32 INFO  : Checking for BSP changes to sync application flags for project 'threat_detection_app'...
18:35:40 INFO  : Disconnected from the channel tcfchan#16.
18:35:41 INFO  : Connected through redirection to target on host 'localhost' and port '3121'.
18:35:41 INFO  : Jtag cable 'Digilent Zybo Z7 210351AF24D9A' is selected.
18:35:41 INFO  : 'jtag frequency' command is executed.
18:35:41 INFO  : Context for 'APU' is selected.
18:35:41 INFO  : System reset is completed.
18:35:44 INFO  : 'after 3000' command is executed.
18:35:44 INFO  : 'targets -set -filter {jtag_cable_name =~ "Digilent Zybo Z7 210351AF24D9A" && level==0 && jtag_device_ctx=="jsn-Zybo Z7-210351AF24D9A-13722093-0"}' command is executed.
18:35:45 INFO  : Device configured successfully with "C:/Xilinx/ECE_520/Sandbox/threat_detection_vitis/threat_detection_app/_ide/bitstream/threat_detector_bd_wrapper2.bit"
18:35:45 INFO  : Context for 'APU' is selected.
18:35:45 INFO  : Hardware design and registers information is loaded from 'C:/Xilinx/ECE_520/Sandbox/threat_detection_vitis/threat_app3/export/threat_app3/hw/threat_detector_bd_wrapper2.xsa'.
18:35:45 INFO  : 'configparams force-mem-access 1' command is executed.
18:35:45 INFO  : Context for 'APU' is selected.
18:35:45 INFO  : Sourcing of 'C:/Xilinx/ECE_520/Sandbox/threat_detection_vitis/threat_detection_app/_ide/psinit/ps7_init.tcl' is done.
18:35:46 INFO  : 'ps7_init' command is executed.
18:35:46 INFO  : 'ps7_post_config' command is executed.
18:35:46 INFO  : Context for processor 'ps7_cortexa9_0' is selected.
18:35:46 INFO  : The application 'C:/Xilinx/ECE_520/Sandbox/threat_detection_vitis/threat_detection_app/Debug/threat_detection_app.elf' is downloaded to processor 'ps7_cortexa9_0'.
18:35:46 INFO  : 'configparams force-mem-access 0' command is executed.
18:35:46 INFO  : ----------------XSDB Script----------------
connect -path [list tcp::1534 tcp:localhost:3121]
targets -set -nocase -filter {name =~"APU*"}
rst -system
after 3000
targets -set -filter {jtag_cable_name =~ "Digilent Zybo Z7 210351AF24D9A" && level==0 && jtag_device_ctx=="jsn-Zybo Z7-210351AF24D9A-13722093-0"}
fpga -file C:/Xilinx/ECE_520/Sandbox/threat_detection_vitis/threat_detection_app/_ide/bitstream/threat_detector_bd_wrapper2.bit
targets -set -nocase -filter {name =~"APU*"}
loadhw -hw C:/Xilinx/ECE_520/Sandbox/threat_detection_vitis/threat_app3/export/threat_app3/hw/threat_detector_bd_wrapper2.xsa -mem-ranges [list {0x40000000 0xbfffffff}] -regs
configparams force-mem-access 1
targets -set -nocase -filter {name =~"APU*"}
source C:/Xilinx/ECE_520/Sandbox/threat_detection_vitis/threat_detection_app/_ide/psinit/ps7_init.tcl
ps7_init
ps7_post_config
targets -set -nocase -filter {name =~ "*A9*#0"}
dow C:/Xilinx/ECE_520/Sandbox/threat_detection_vitis/threat_detection_app/Debug/threat_detection_app.elf
configparams force-mem-access 0
----------------End of Script----------------

18:35:46 INFO  : Context for processor 'ps7_cortexa9_0' is selected.
18:35:46 INFO  : 'con' command is executed.
18:35:46 INFO  : ----------------XSDB Script (After Launch)----------------
targets -set -nocase -filter {name =~ "*A9*#0"}
con
----------------End of Script----------------

18:35:46 INFO  : Launch script is exported to file 'C:\Xilinx\ECE_520\Sandbox\threat_detection_vitis\threat_detection_app_system\_ide\scripts\debugger_threat_detection_app-default.tcl'
18:47:54 INFO  : Checking for BSP changes to sync application flags for project 'threat_detection_app'...
18:48:01 INFO  : Disconnected from the channel tcfchan#17.
18:48:02 INFO  : Connected through redirection to target on host 'localhost' and port '3121'.
18:48:02 INFO  : Jtag cable 'Digilent Zybo Z7 210351AF24D9A' is selected.
18:48:02 INFO  : 'jtag frequency' command is executed.
18:48:02 INFO  : Context for 'APU' is selected.
18:48:02 INFO  : System reset is completed.
18:48:05 INFO  : 'after 3000' command is executed.
18:48:05 INFO  : 'targets -set -filter {jtag_cable_name =~ "Digilent Zybo Z7 210351AF24D9A" && level==0 && jtag_device_ctx=="jsn-Zybo Z7-210351AF24D9A-13722093-0"}' command is executed.
18:48:07 INFO  : Device configured successfully with "C:/Xilinx/ECE_520/Sandbox/threat_detection_vitis/threat_detection_app/_ide/bitstream/threat_detector_bd_wrapper2.bit"
18:48:07 INFO  : Context for 'APU' is selected.
18:48:07 INFO  : Hardware design and registers information is loaded from 'C:/Xilinx/ECE_520/Sandbox/threat_detection_vitis/threat_app3/export/threat_app3/hw/threat_detector_bd_wrapper2.xsa'.
18:48:07 INFO  : 'configparams force-mem-access 1' command is executed.
18:48:07 INFO  : Context for 'APU' is selected.
18:48:07 INFO  : Sourcing of 'C:/Xilinx/ECE_520/Sandbox/threat_detection_vitis/threat_detection_app/_ide/psinit/ps7_init.tcl' is done.
18:48:07 INFO  : 'ps7_init' command is executed.
18:48:07 INFO  : 'ps7_post_config' command is executed.
18:48:07 INFO  : Context for processor 'ps7_cortexa9_0' is selected.
18:48:08 INFO  : The application 'C:/Xilinx/ECE_520/Sandbox/threat_detection_vitis/threat_detection_app/Debug/threat_detection_app.elf' is downloaded to processor 'ps7_cortexa9_0'.
18:48:08 INFO  : 'configparams force-mem-access 0' command is executed.
18:48:08 INFO  : ----------------XSDB Script----------------
connect -path [list tcp::1534 tcp:localhost:3121]
targets -set -nocase -filter {name =~"APU*"}
rst -system
after 3000
targets -set -filter {jtag_cable_name =~ "Digilent Zybo Z7 210351AF24D9A" && level==0 && jtag_device_ctx=="jsn-Zybo Z7-210351AF24D9A-13722093-0"}
fpga -file C:/Xilinx/ECE_520/Sandbox/threat_detection_vitis/threat_detection_app/_ide/bitstream/threat_detector_bd_wrapper2.bit
targets -set -nocase -filter {name =~"APU*"}
loadhw -hw C:/Xilinx/ECE_520/Sandbox/threat_detection_vitis/threat_app3/export/threat_app3/hw/threat_detector_bd_wrapper2.xsa -mem-ranges [list {0x40000000 0xbfffffff}] -regs
configparams force-mem-access 1
targets -set -nocase -filter {name =~"APU*"}
source C:/Xilinx/ECE_520/Sandbox/threat_detection_vitis/threat_detection_app/_ide/psinit/ps7_init.tcl
ps7_init
ps7_post_config
targets -set -nocase -filter {name =~ "*A9*#0"}
dow C:/Xilinx/ECE_520/Sandbox/threat_detection_vitis/threat_detection_app/Debug/threat_detection_app.elf
configparams force-mem-access 0
----------------End of Script----------------

18:48:08 INFO  : Context for processor 'ps7_cortexa9_0' is selected.
18:48:08 INFO  : 'con' command is executed.
18:48:08 INFO  : ----------------XSDB Script (After Launch)----------------
targets -set -nocase -filter {name =~ "*A9*#0"}
con
----------------End of Script----------------

18:48:08 INFO  : Launch script is exported to file 'C:\Xilinx\ECE_520\Sandbox\threat_detection_vitis\threat_detection_app_system\_ide\scripts\debugger_threat_detection_app-default.tcl'
18:51:18 INFO  : Checking for BSP changes to sync application flags for project 'threat_detection_app'...
18:51:25 INFO  : Disconnected from the channel tcfchan#18.
18:51:26 INFO  : Connected through redirection to target on host 'localhost' and port '3121'.
18:51:26 INFO  : Jtag cable 'Digilent Zybo Z7 210351AF24D9A' is selected.
18:51:26 INFO  : 'jtag frequency' command is executed.
18:51:26 INFO  : Context for 'APU' is selected.
18:51:26 INFO  : System reset is completed.
18:51:29 INFO  : 'after 3000' command is executed.
18:51:29 INFO  : 'targets -set -filter {jtag_cable_name =~ "Digilent Zybo Z7 210351AF24D9A" && level==0 && jtag_device_ctx=="jsn-Zybo Z7-210351AF24D9A-13722093-0"}' command is executed.
18:51:30 INFO  : Device configured successfully with "C:/Xilinx/ECE_520/Sandbox/threat_detection_vitis/threat_detection_app/_ide/bitstream/threat_detector_bd_wrapper2.bit"
18:51:31 INFO  : Context for 'APU' is selected.
18:51:31 INFO  : Hardware design and registers information is loaded from 'C:/Xilinx/ECE_520/Sandbox/threat_detection_vitis/threat_app3/export/threat_app3/hw/threat_detector_bd_wrapper2.xsa'.
18:51:31 INFO  : 'configparams force-mem-access 1' command is executed.
18:51:31 INFO  : Context for 'APU' is selected.
18:51:31 INFO  : Sourcing of 'C:/Xilinx/ECE_520/Sandbox/threat_detection_vitis/threat_detection_app/_ide/psinit/ps7_init.tcl' is done.
18:51:31 INFO  : 'ps7_init' command is executed.
18:51:31 INFO  : 'ps7_post_config' command is executed.
18:51:31 INFO  : Context for processor 'ps7_cortexa9_0' is selected.
18:51:31 INFO  : The application 'C:/Xilinx/ECE_520/Sandbox/threat_detection_vitis/threat_detection_app/Debug/threat_detection_app.elf' is downloaded to processor 'ps7_cortexa9_0'.
18:51:31 INFO  : 'configparams force-mem-access 0' command is executed.
18:51:31 INFO  : ----------------XSDB Script----------------
connect -path [list tcp::1534 tcp:localhost:3121]
targets -set -nocase -filter {name =~"APU*"}
rst -system
after 3000
targets -set -filter {jtag_cable_name =~ "Digilent Zybo Z7 210351AF24D9A" && level==0 && jtag_device_ctx=="jsn-Zybo Z7-210351AF24D9A-13722093-0"}
fpga -file C:/Xilinx/ECE_520/Sandbox/threat_detection_vitis/threat_detection_app/_ide/bitstream/threat_detector_bd_wrapper2.bit
targets -set -nocase -filter {name =~"APU*"}
loadhw -hw C:/Xilinx/ECE_520/Sandbox/threat_detection_vitis/threat_app3/export/threat_app3/hw/threat_detector_bd_wrapper2.xsa -mem-ranges [list {0x40000000 0xbfffffff}] -regs
configparams force-mem-access 1
targets -set -nocase -filter {name =~"APU*"}
source C:/Xilinx/ECE_520/Sandbox/threat_detection_vitis/threat_detection_app/_ide/psinit/ps7_init.tcl
ps7_init
ps7_post_config
targets -set -nocase -filter {name =~ "*A9*#0"}
dow C:/Xilinx/ECE_520/Sandbox/threat_detection_vitis/threat_detection_app/Debug/threat_detection_app.elf
configparams force-mem-access 0
----------------End of Script----------------

18:51:31 INFO  : Context for processor 'ps7_cortexa9_0' is selected.
18:51:31 INFO  : 'con' command is executed.
18:51:31 INFO  : ----------------XSDB Script (After Launch)----------------
targets -set -nocase -filter {name =~ "*A9*#0"}
con
----------------End of Script----------------

18:51:31 INFO  : Launch script is exported to file 'C:\Xilinx\ECE_520\Sandbox\threat_detection_vitis\threat_detection_app_system\_ide\scripts\debugger_threat_detection_app-default.tcl'
19:01:56 INFO  : Disconnected from the channel tcfchan#19.
19:01:57 INFO  : Connected through redirection to target on host 'localhost' and port '3121'.
19:01:57 INFO  : Jtag cable 'Digilent Zybo Z7 210351AF24D9A' is selected.
19:01:57 INFO  : 'jtag frequency' command is executed.
19:01:57 INFO  : Context for 'APU' is selected.
19:01:57 INFO  : System reset is completed.
19:02:00 INFO  : 'after 3000' command is executed.
19:02:01 INFO  : 'targets -set -filter {jtag_cable_name =~ "Digilent Zybo Z7 210351AF24D9A" && level==0 && jtag_device_ctx=="jsn-Zybo Z7-210351AF24D9A-13722093-0"}' command is executed.
19:02:02 INFO  : Device configured successfully with "C:/Xilinx/ECE_520/Sandbox/threat_detection_vitis/threat_detection_app/_ide/bitstream/threat_detector_bd_wrapper2.bit"
19:02:02 INFO  : Context for 'APU' is selected.
19:02:02 INFO  : Hardware design and registers information is loaded from 'C:/Xilinx/ECE_520/Sandbox/threat_detection_vitis/threat_app3/export/threat_app3/hw/threat_detector_bd_wrapper2.xsa'.
19:02:02 INFO  : 'configparams force-mem-access 1' command is executed.
19:02:02 INFO  : Context for 'APU' is selected.
19:02:02 INFO  : Sourcing of 'C:/Xilinx/ECE_520/Sandbox/threat_detection_vitis/threat_detection_app/_ide/psinit/ps7_init.tcl' is done.
19:02:02 INFO  : 'ps7_init' command is executed.
19:02:02 INFO  : 'ps7_post_config' command is executed.
19:02:02 INFO  : Context for processor 'ps7_cortexa9_0' is selected.
19:02:03 INFO  : The application 'C:/Xilinx/ECE_520/Sandbox/threat_detection_vitis/threat_detection_app/Debug/threat_detection_app.elf' is downloaded to processor 'ps7_cortexa9_0'.
19:02:03 INFO  : 'configparams force-mem-access 0' command is executed.
19:02:03 INFO  : ----------------XSDB Script----------------
connect -path [list tcp::1534 tcp:localhost:3121]
targets -set -nocase -filter {name =~"APU*"}
rst -system
after 3000
targets -set -filter {jtag_cable_name =~ "Digilent Zybo Z7 210351AF24D9A" && level==0 && jtag_device_ctx=="jsn-Zybo Z7-210351AF24D9A-13722093-0"}
fpga -file C:/Xilinx/ECE_520/Sandbox/threat_detection_vitis/threat_detection_app/_ide/bitstream/threat_detector_bd_wrapper2.bit
targets -set -nocase -filter {name =~"APU*"}
loadhw -hw C:/Xilinx/ECE_520/Sandbox/threat_detection_vitis/threat_app3/export/threat_app3/hw/threat_detector_bd_wrapper2.xsa -mem-ranges [list {0x40000000 0xbfffffff}] -regs
configparams force-mem-access 1
targets -set -nocase -filter {name =~"APU*"}
source C:/Xilinx/ECE_520/Sandbox/threat_detection_vitis/threat_detection_app/_ide/psinit/ps7_init.tcl
ps7_init
ps7_post_config
targets -set -nocase -filter {name =~ "*A9*#0"}
dow C:/Xilinx/ECE_520/Sandbox/threat_detection_vitis/threat_detection_app/Debug/threat_detection_app.elf
configparams force-mem-access 0
----------------End of Script----------------

19:02:03 INFO  : Context for processor 'ps7_cortexa9_0' is selected.
19:02:03 INFO  : 'con' command is executed.
19:02:03 INFO  : ----------------XSDB Script (After Launch)----------------
targets -set -nocase -filter {name =~ "*A9*#0"}
con
----------------End of Script----------------

19:02:03 INFO  : Launch script is exported to file 'C:\Xilinx\ECE_520\Sandbox\threat_detection_vitis\threat_detection_app_system\_ide\scripts\debugger_threat_detection_app-default.tcl'
21:58:14 INFO  : Disconnected from the channel tcfchan#20.
11:43:44 DEBUG : Logs will be stored at 'C:/Xilinx/ECE_520/Sandbox/threat_detection_vitis/IDE.log'.
11:43:45 INFO  : Launching XSCT server: xsct.bat -n  -interactive C:\Xilinx\ECE_520\Sandbox\threat_detection_vitis\temp_xsdb_launch_script.tcl
11:43:51 INFO  : XSCT server has started successfully.
11:43:51 INFO  : plnx-install-location is set to ''
11:43:51 INFO  : Successfully done setting XSCT server connection channel  
11:43:51 INFO  : Successfully done setting workspace for the tool. 
11:43:52 INFO  : Platform repository initialization has completed.
11:43:54 INFO  : Registering command handlers for Vitis TCF services
11:44:05 INFO  : Successfully done query RDI_DATADIR 
11:47:01 ERROR : Failed to redirect connection to hardware server on host 'localhost' and port '3121'.
Reason: No connection could be made because the target machine actively refused it
11:47:01 INFO  : ----------------XSDB Script----------------
connect -path [list tcp::1534 tcp:localhost:3121]
----------------End of Script----------------

11:47:01 ERROR : Failed to redirect connection to hardware server on host 'localhost' and port '3121'.
Reason: No connection could be made because the target machine actively refused it
11:47:34 INFO  : Checking for BSP changes to sync application flags for project 'threat_detection_app'...
11:47:38 ERROR : (XSDB Server)ERROR: [Hsi 55-1571] The design file C:/Xilinx/ECE_520/Sandbox/threat_detection_vitis/threat_app3/export/threat_app3/hw/threat_detector_bd_wrapper2.xsa is already opened

11:48:04 ERROR : Failed to redirect connection to hardware server on host 'localhost' and port '3121'.
Reason: No connection could be made because the target machine actively refused it
11:48:04 INFO  : ----------------XSDB Script----------------
connect -path [list tcp::1534 tcp:localhost:3121]
----------------End of Script----------------

11:48:04 ERROR : Failed to redirect connection to hardware server on host 'localhost' and port '3121'.
Reason: No connection could be made because the target machine actively refused it
11:49:05 ERROR : Failed to redirect connection to hardware server on host 'localhost' and port '3121'.
Reason: No connection could be made because the target machine actively refused it
11:49:05 INFO  : ----------------XSDB Script----------------
connect -path [list tcp::1534 tcp:localhost:3121]
----------------End of Script----------------

11:49:05 ERROR : Failed to redirect connection to hardware server on host 'localhost' and port '3121'.
Reason: No connection could be made because the target machine actively refused it
11:49:30 ERROR : Failed to redirect connection to hardware server on host 'localhost' and port '3121'.
Reason: No connection could be made because the target machine actively refused it
11:49:30 INFO  : ----------------XSDB Script----------------
connect -path [list tcp::1534 tcp:localhost:3121]
----------------End of Script----------------

11:49:30 ERROR : Failed to redirect connection to hardware server on host 'localhost' and port '3121'.
Reason: No connection could be made because the target machine actively refused it
11:49:44 INFO  : Checking for BSP changes to sync application flags for project 'threat_detection_app'...
11:49:55 ERROR : Failed to redirect connection to hardware server on host 'localhost' and port '3121'.
Reason: No connection could be made because the target machine actively refused it
11:49:55 INFO  : ----------------XSDB Script----------------
connect -path [list tcp::1534 tcp:localhost:3121]
----------------End of Script----------------

11:49:55 ERROR : Failed to redirect connection to hardware server on host 'localhost' and port '3121'.
Reason: No connection could be made because the target machine actively refused it
11:51:02 ERROR : Failed to redirect connection to hardware server on host 'localhost' and port '3121'.
Reason: No connection could be made because the target machine actively refused it
11:51:02 INFO  : ----------------XSDB Script----------------
connect -path [list tcp::1534 tcp:localhost:3121]
----------------End of Script----------------

11:51:02 ERROR : Failed to redirect connection to hardware server on host 'localhost' and port '3121'.
Reason: No connection could be made because the target machine actively refused it
11:53:26 INFO  : Connected to target on host '127.0.0.1' and port '3121'.
11:54:23 INFO  : Connected to target on host '127.0.0.1' and port '3121'.
11:54:50 INFO  : Connected to target on host 'localhost' and port '3121'.
11:54:50 INFO  : 'targets -set -filter {jtag_cable_name =~ "Digilent Zybo Z7 210351AF24D9A" && level==0 && jtag_device_ctx=="jsn-Zybo Z7-210351AF24D9A-13722093-0"}' command is executed.
11:54:51 INFO  : Device configured successfully with "C:/Xilinx/ECE_520/Sandbox/threat_detection_vitis/threat_detection_app/_ide/bitstream/threat_detector_bd_wrapper2.bit"
11:54:57 INFO  : Checking for BSP changes to sync application flags for project 'threat_detection_app'...
11:55:13 INFO  : Connected through redirection to target on host 'localhost' and port '3121'.
11:55:13 INFO  : Jtag cable 'Digilent Zybo Z7 210351AF24D9A' is selected.
11:55:13 INFO  : 'jtag frequency' command is executed.
11:55:13 INFO  : Context for 'APU' is selected.
11:55:13 INFO  : System reset is completed.
11:55:16 INFO  : 'after 3000' command is executed.
11:55:17 INFO  : 'targets -set -filter {jtag_cable_name =~ "Digilent Zybo Z7 210351AF24D9A" && level==0 && jtag_device_ctx=="jsn-Zybo Z7-210351AF24D9A-13722093-0"}' command is executed.
11:55:18 INFO  : Device configured successfully with "C:/Xilinx/ECE_520/Sandbox/threat_detection_vitis/threat_detection_app/_ide/bitstream/threat_detector_bd_wrapper2.bit"
11:55:18 INFO  : Context for 'APU' is selected.
11:55:18 INFO  : Hardware design and registers information is loaded from 'C:/Xilinx/ECE_520/Sandbox/threat_detection_vitis/threat_app3/export/threat_app3/hw/threat_detector_bd_wrapper2.xsa'.
11:55:18 INFO  : 'configparams force-mem-access 1' command is executed.
11:55:18 INFO  : Context for 'APU' is selected.
11:55:18 INFO  : Sourcing of 'C:/Xilinx/ECE_520/Sandbox/threat_detection_vitis/threat_detection_app/_ide/psinit/ps7_init.tcl' is done.
11:55:19 INFO  : 'ps7_init' command is executed.
11:55:19 INFO  : 'ps7_post_config' command is executed.
11:55:19 INFO  : Context for processor 'ps7_cortexa9_0' is selected.
11:55:19 INFO  : The application 'C:/Xilinx/ECE_520/Sandbox/threat_detection_vitis/threat_detection_app/Debug/threat_detection_app.elf' is downloaded to processor 'ps7_cortexa9_0'.
11:55:19 INFO  : 'configparams force-mem-access 0' command is executed.
11:55:19 INFO  : ----------------XSDB Script----------------
connect -path [list tcp::1534 tcp:localhost:3121]
targets -set -nocase -filter {name =~"APU*"}
rst -system
after 3000
targets -set -filter {jtag_cable_name =~ "Digilent Zybo Z7 210351AF24D9A" && level==0 && jtag_device_ctx=="jsn-Zybo Z7-210351AF24D9A-13722093-0"}
fpga -file C:/Xilinx/ECE_520/Sandbox/threat_detection_vitis/threat_detection_app/_ide/bitstream/threat_detector_bd_wrapper2.bit
targets -set -nocase -filter {name =~"APU*"}
loadhw -hw C:/Xilinx/ECE_520/Sandbox/threat_detection_vitis/threat_app3/export/threat_app3/hw/threat_detector_bd_wrapper2.xsa -mem-ranges [list {0x40000000 0xbfffffff}] -regs
configparams force-mem-access 1
targets -set -nocase -filter {name =~"APU*"}
source C:/Xilinx/ECE_520/Sandbox/threat_detection_vitis/threat_detection_app/_ide/psinit/ps7_init.tcl
ps7_init
ps7_post_config
targets -set -nocase -filter {name =~ "*A9*#0"}
dow C:/Xilinx/ECE_520/Sandbox/threat_detection_vitis/threat_detection_app/Debug/threat_detection_app.elf
configparams force-mem-access 0
----------------End of Script----------------

11:55:19 INFO  : Context for processor 'ps7_cortexa9_0' is selected.
11:55:19 INFO  : 'con' command is executed.
11:55:19 INFO  : ----------------XSDB Script (After Launch)----------------
targets -set -nocase -filter {name =~ "*A9*#0"}
con
----------------End of Script----------------

11:55:19 INFO  : Launch script is exported to file 'C:\Xilinx\ECE_520\Sandbox\threat_detection_vitis\threat_detection_app_system\_ide\scripts\debugger_threat_detection_app-default.tcl'
12:38:01 INFO  : Disconnected from the channel tcfchan#10.
12:38:02 INFO  : Connected through redirection to target on host 'localhost' and port '3121'.
12:38:03 INFO  : Jtag cable 'Digilent Zybo Z7 210351AF24D9A' is selected.
12:38:03 INFO  : 'jtag frequency' command is executed.
12:38:03 INFO  : Context for 'APU' is selected.
12:38:03 INFO  : System reset is completed.
12:38:06 INFO  : 'after 3000' command is executed.
12:38:06 INFO  : 'targets -set -filter {jtag_cable_name =~ "Digilent Zybo Z7 210351AF24D9A" && level==0 && jtag_device_ctx=="jsn-Zybo Z7-210351AF24D9A-13722093-0"}' command is executed.
12:38:07 INFO  : Device configured successfully with "C:/Xilinx/ECE_520/Sandbox/threat_detection_vitis/threat_detection_app/_ide/bitstream/threat_detector_bd_wrapper2.bit"
12:38:07 INFO  : Context for 'APU' is selected.
12:38:09 INFO  : Hardware design and registers information is loaded from 'C:/Xilinx/ECE_520/Sandbox/threat_detection_vitis/threat_app3/export/threat_app3/hw/threat_detector_bd_wrapper2.xsa'.
12:38:09 INFO  : 'configparams force-mem-access 1' command is executed.
12:38:09 INFO  : Context for 'APU' is selected.
12:38:09 INFO  : Sourcing of 'C:/Xilinx/ECE_520/Sandbox/threat_detection_vitis/threat_detection_app/_ide/psinit/ps7_init.tcl' is done.
12:38:10 INFO  : 'ps7_init' command is executed.
12:38:10 INFO  : 'ps7_post_config' command is executed.
12:38:10 INFO  : Context for processor 'ps7_cortexa9_0' is selected.
12:38:10 INFO  : The application 'C:/Xilinx/ECE_520/Sandbox/threat_detection_vitis/threat_detection_app/Debug/threat_detection_app.elf' is downloaded to processor 'ps7_cortexa9_0'.
12:38:10 INFO  : 'configparams force-mem-access 0' command is executed.
12:38:10 INFO  : ----------------XSDB Script----------------
connect -path [list tcp::1534 tcp:localhost:3121]
targets -set -nocase -filter {name =~"APU*"}
rst -system
after 3000
targets -set -filter {jtag_cable_name =~ "Digilent Zybo Z7 210351AF24D9A" && level==0 && jtag_device_ctx=="jsn-Zybo Z7-210351AF24D9A-13722093-0"}
fpga -file C:/Xilinx/ECE_520/Sandbox/threat_detection_vitis/threat_detection_app/_ide/bitstream/threat_detector_bd_wrapper2.bit
targets -set -nocase -filter {name =~"APU*"}
loadhw -hw C:/Xilinx/ECE_520/Sandbox/threat_detection_vitis/threat_app3/export/threat_app3/hw/threat_detector_bd_wrapper2.xsa -mem-ranges [list {0x40000000 0xbfffffff}] -regs
configparams force-mem-access 1
targets -set -nocase -filter {name =~"APU*"}
source C:/Xilinx/ECE_520/Sandbox/threat_detection_vitis/threat_detection_app/_ide/psinit/ps7_init.tcl
ps7_init
ps7_post_config
targets -set -nocase -filter {name =~ "*A9*#0"}
dow C:/Xilinx/ECE_520/Sandbox/threat_detection_vitis/threat_detection_app/Debug/threat_detection_app.elf
configparams force-mem-access 0
----------------End of Script----------------

12:38:10 INFO  : Context for processor 'ps7_cortexa9_0' is selected.
12:38:10 INFO  : 'con' command is executed.
12:38:10 INFO  : ----------------XSDB Script (After Launch)----------------
targets -set -nocase -filter {name =~ "*A9*#0"}
con
----------------End of Script----------------

12:38:10 INFO  : Launch script is exported to file 'C:\Xilinx\ECE_520\Sandbox\threat_detection_vitis\threat_detection_app_system\_ide\scripts\debugger_threat_detection_app-default.tcl'
12:38:33 INFO  : Checking for BSP changes to sync application flags for project 'threat_detection_app'...
12:38:40 INFO  : Checking for BSP changes to sync application flags for project 'threat_detection_app'...
12:38:47 INFO  : Disconnected from the channel tcfchan#11.
12:38:48 INFO  : Connected through redirection to target on host 'localhost' and port '3121'.
12:38:48 INFO  : Jtag cable 'Digilent Zybo Z7 210351AF24D9A' is selected.
12:38:48 INFO  : 'jtag frequency' command is executed.
12:38:48 INFO  : Context for 'APU' is selected.
12:38:49 INFO  : System reset is completed.
12:38:52 INFO  : 'after 3000' command is executed.
12:38:52 INFO  : 'targets -set -filter {jtag_cable_name =~ "Digilent Zybo Z7 210351AF24D9A" && level==0 && jtag_device_ctx=="jsn-Zybo Z7-210351AF24D9A-13722093-0"}' command is executed.
12:38:53 INFO  : Device configured successfully with "C:/Xilinx/ECE_520/Sandbox/threat_detection_vitis/threat_detection_app/_ide/bitstream/threat_detector_bd_wrapper2.bit"
12:38:53 INFO  : Context for 'APU' is selected.
12:38:55 INFO  : Hardware design and registers information is loaded from 'C:/Xilinx/ECE_520/Sandbox/threat_detection_vitis/threat_app3/export/threat_app3/hw/threat_detector_bd_wrapper2.xsa'.
12:38:55 INFO  : 'configparams force-mem-access 1' command is executed.
12:38:55 INFO  : Context for 'APU' is selected.
12:38:55 INFO  : Sourcing of 'C:/Xilinx/ECE_520/Sandbox/threat_detection_vitis/threat_detection_app/_ide/psinit/ps7_init.tcl' is done.
12:38:55 INFO  : 'ps7_init' command is executed.
12:38:55 INFO  : 'ps7_post_config' command is executed.
12:38:55 INFO  : Context for processor 'ps7_cortexa9_0' is selected.
12:38:56 INFO  : The application 'C:/Xilinx/ECE_520/Sandbox/threat_detection_vitis/threat_detection_app/Debug/threat_detection_app.elf' is downloaded to processor 'ps7_cortexa9_0'.
12:38:56 INFO  : 'configparams force-mem-access 0' command is executed.
12:38:56 INFO  : ----------------XSDB Script----------------
connect -path [list tcp::1534 tcp:localhost:3121]
targets -set -nocase -filter {name =~"APU*"}
rst -system
after 3000
targets -set -filter {jtag_cable_name =~ "Digilent Zybo Z7 210351AF24D9A" && level==0 && jtag_device_ctx=="jsn-Zybo Z7-210351AF24D9A-13722093-0"}
fpga -file C:/Xilinx/ECE_520/Sandbox/threat_detection_vitis/threat_detection_app/_ide/bitstream/threat_detector_bd_wrapper2.bit
targets -set -nocase -filter {name =~"APU*"}
loadhw -hw C:/Xilinx/ECE_520/Sandbox/threat_detection_vitis/threat_app3/export/threat_app3/hw/threat_detector_bd_wrapper2.xsa -mem-ranges [list {0x40000000 0xbfffffff}] -regs
configparams force-mem-access 1
targets -set -nocase -filter {name =~"APU*"}
source C:/Xilinx/ECE_520/Sandbox/threat_detection_vitis/threat_detection_app/_ide/psinit/ps7_init.tcl
ps7_init
ps7_post_config
targets -set -nocase -filter {name =~ "*A9*#0"}
dow C:/Xilinx/ECE_520/Sandbox/threat_detection_vitis/threat_detection_app/Debug/threat_detection_app.elf
configparams force-mem-access 0
----------------End of Script----------------

12:38:56 INFO  : Context for processor 'ps7_cortexa9_0' is selected.
12:38:56 INFO  : 'con' command is executed.
12:38:56 INFO  : ----------------XSDB Script (After Launch)----------------
targets -set -nocase -filter {name =~ "*A9*#0"}
con
----------------End of Script----------------

12:38:56 INFO  : Launch script is exported to file 'C:\Xilinx\ECE_520\Sandbox\threat_detection_vitis\threat_detection_app_system\_ide\scripts\debugger_threat_detection_app-default.tcl'
12:39:28 INFO  : Disconnected from the channel tcfchan#12.
12:39:29 INFO  : Connected through redirection to target on host 'localhost' and port '3121'.
12:39:29 INFO  : Jtag cable 'Digilent Zybo Z7 210351AF24D9A' is selected.
12:39:29 INFO  : 'jtag frequency' command is executed.
12:39:30 INFO  : Context for 'APU' is selected.
12:39:30 INFO  : System reset is completed.
12:39:33 INFO  : 'after 3000' command is executed.
12:39:33 INFO  : 'targets -set -filter {jtag_cable_name =~ "Digilent Zybo Z7 210351AF24D9A" && level==0 && jtag_device_ctx=="jsn-Zybo Z7-210351AF24D9A-13722093-0"}' command is executed.
12:39:34 INFO  : Device configured successfully with "C:/Xilinx/ECE_520/Sandbox/threat_detection_vitis/threat_detection_app/_ide/bitstream/threat_detector_bd_wrapper2.bit"
12:39:34 INFO  : Context for 'APU' is selected.
12:39:37 INFO  : Hardware design and registers information is loaded from 'C:/Xilinx/ECE_520/Sandbox/threat_detection_vitis/threat_app3/export/threat_app3/hw/threat_detector_bd_wrapper2.xsa'.
12:39:37 INFO  : 'configparams force-mem-access 1' command is executed.
12:39:37 INFO  : Context for 'APU' is selected.
12:39:37 INFO  : Sourcing of 'C:/Xilinx/ECE_520/Sandbox/threat_detection_vitis/threat_detection_app/_ide/psinit/ps7_init.tcl' is done.
12:39:37 INFO  : 'ps7_init' command is executed.
12:39:37 INFO  : 'ps7_post_config' command is executed.
12:39:37 INFO  : Context for processor 'ps7_cortexa9_0' is selected.
12:39:37 INFO  : The application 'C:/Xilinx/ECE_520/Sandbox/threat_detection_vitis/threat_detection_app/Debug/threat_detection_app.elf' is downloaded to processor 'ps7_cortexa9_0'.
12:39:37 INFO  : 'configparams force-mem-access 0' command is executed.
12:39:37 INFO  : ----------------XSDB Script----------------
connect -path [list tcp::1534 tcp:localhost:3121]
targets -set -nocase -filter {name =~"APU*"}
rst -system
after 3000
targets -set -filter {jtag_cable_name =~ "Digilent Zybo Z7 210351AF24D9A" && level==0 && jtag_device_ctx=="jsn-Zybo Z7-210351AF24D9A-13722093-0"}
fpga -file C:/Xilinx/ECE_520/Sandbox/threat_detection_vitis/threat_detection_app/_ide/bitstream/threat_detector_bd_wrapper2.bit
targets -set -nocase -filter {name =~"APU*"}
loadhw -hw C:/Xilinx/ECE_520/Sandbox/threat_detection_vitis/threat_app3/export/threat_app3/hw/threat_detector_bd_wrapper2.xsa -mem-ranges [list {0x40000000 0xbfffffff}] -regs
configparams force-mem-access 1
targets -set -nocase -filter {name =~"APU*"}
source C:/Xilinx/ECE_520/Sandbox/threat_detection_vitis/threat_detection_app/_ide/psinit/ps7_init.tcl
ps7_init
ps7_post_config
targets -set -nocase -filter {name =~ "*A9*#0"}
dow C:/Xilinx/ECE_520/Sandbox/threat_detection_vitis/threat_detection_app/Debug/threat_detection_app.elf
configparams force-mem-access 0
----------------End of Script----------------

12:39:37 INFO  : Context for processor 'ps7_cortexa9_0' is selected.
12:39:37 INFO  : 'con' command is executed.
12:39:37 INFO  : ----------------XSDB Script (After Launch)----------------
targets -set -nocase -filter {name =~ "*A9*#0"}
con
----------------End of Script----------------

12:39:37 INFO  : Launch script is exported to file 'C:\Xilinx\ECE_520\Sandbox\threat_detection_vitis\threat_detection_app_system\_ide\scripts\debugger_threat_detection_app-default.tcl'
10:19:24 INFO  : Disconnected from the channel tcfchan#13.
10:19:25 INFO  : Connected through redirection to target on host 'localhost' and port '3121'.
10:19:25 INFO  : Jtag cable 'Digilent Zybo Z7 210351AF24D9A' is selected.
10:19:25 INFO  : 'jtag frequency' command is executed.
10:19:25 INFO  : Context for 'APU' is selected.
10:19:26 INFO  : System reset is completed.
10:19:29 INFO  : 'after 3000' command is executed.
10:19:29 INFO  : 'targets -set -filter {jtag_cable_name =~ "Digilent Zybo Z7 210351AF24D9A" && level==0 && jtag_device_ctx=="jsn-Zybo Z7-210351AF24D9A-13722093-0"}' command is executed.
10:19:30 INFO  : Device configured successfully with "C:/Xilinx/ECE_520/Sandbox/threat_detection_vitis/threat_detection_app/_ide/bitstream/threat_detector_bd_wrapper2.bit"
10:19:30 INFO  : Context for 'APU' is selected.
10:19:32 INFO  : Hardware design and registers information is loaded from 'C:/Xilinx/ECE_520/Sandbox/threat_detection_vitis/threat_app3/export/threat_app3/hw/threat_detector_bd_wrapper2.xsa'.
10:19:32 INFO  : 'configparams force-mem-access 1' command is executed.
10:19:32 INFO  : Context for 'APU' is selected.
10:19:33 INFO  : Sourcing of 'C:/Xilinx/ECE_520/Sandbox/threat_detection_vitis/threat_detection_app/_ide/psinit/ps7_init.tcl' is done.
10:19:33 INFO  : 'ps7_init' command is executed.
10:19:33 INFO  : 'ps7_post_config' command is executed.
10:19:33 INFO  : Context for processor 'ps7_cortexa9_0' is selected.
10:19:34 INFO  : The application 'C:/Xilinx/ECE_520/Sandbox/threat_detection_vitis/threat_detection_app/Debug/threat_detection_app.elf' is downloaded to processor 'ps7_cortexa9_0'.
10:19:34 INFO  : 'configparams force-mem-access 0' command is executed.
10:19:34 INFO  : ----------------XSDB Script----------------
connect -path [list tcp::1534 tcp:localhost:3121]
targets -set -nocase -filter {name =~"APU*"}
rst -system
after 3000
targets -set -filter {jtag_cable_name =~ "Digilent Zybo Z7 210351AF24D9A" && level==0 && jtag_device_ctx=="jsn-Zybo Z7-210351AF24D9A-13722093-0"}
fpga -file C:/Xilinx/ECE_520/Sandbox/threat_detection_vitis/threat_detection_app/_ide/bitstream/threat_detector_bd_wrapper2.bit
targets -set -nocase -filter {name =~"APU*"}
loadhw -hw C:/Xilinx/ECE_520/Sandbox/threat_detection_vitis/threat_app3/export/threat_app3/hw/threat_detector_bd_wrapper2.xsa -mem-ranges [list {0x40000000 0xbfffffff}] -regs
configparams force-mem-access 1
targets -set -nocase -filter {name =~"APU*"}
source C:/Xilinx/ECE_520/Sandbox/threat_detection_vitis/threat_detection_app/_ide/psinit/ps7_init.tcl
ps7_init
ps7_post_config
targets -set -nocase -filter {name =~ "*A9*#0"}
dow C:/Xilinx/ECE_520/Sandbox/threat_detection_vitis/threat_detection_app/Debug/threat_detection_app.elf
configparams force-mem-access 0
----------------End of Script----------------

10:19:34 INFO  : Context for processor 'ps7_cortexa9_0' is selected.
10:19:34 INFO  : 'con' command is executed.
10:19:34 INFO  : ----------------XSDB Script (After Launch)----------------
targets -set -nocase -filter {name =~ "*A9*#0"}
con
----------------End of Script----------------

10:19:34 INFO  : Launch script is exported to file 'C:\Xilinx\ECE_520\Sandbox\threat_detection_vitis\threat_detection_app_system\_ide\scripts\debugger_threat_detection_app-default.tcl'
13:06:48 INFO  : Disconnected from the channel tcfchan#14.
